// Jest Snapshot v1, https://goo.gl/fbAQLP

exports[`Pruebas en <GifGridItem /> Debe mostrar el componente correctamente 1`] = `
<li
  className="card animate__animated animate__flash"
  key=""
>
  <img
    alt="Esto es una prueba"
    src="https://hechosparalavida.mx"
  />
  <p>
     
    Esto es una prueba
  </p>
</li>
`;
